
> gym@1.0.0 test:e2e C:\Users\ismae\DSW\frontendAppGym
> jest --config jest.e2e.config.cjs --runInBand

  console.log
    API_URL http://localhost:5500/api/valoraciones

      at Object.<anonymous> (src/services/valoracionService.ts:5:9)

  console.warn
    ÔÜá´©Å React Router Future Flag Warning: React Router will begin wrapping state updates in `React.startTransition` in v7. You can use the `v7_startTransition` future flag to opt-in early. For more information, see https://reactrouter.com/v6/upgrading/future#v7_starttransition.

    [0m [90m 307 |[39m
     [90m 308 |[39m     [90m// RENDERIZAR APP[39m
    [31m[1m>[22m[39m[90m 309 |[39m     render(
     [90m     |[39m           [31m[1m^[22m[39m
     [90m 310 |[39m       [33m<[39m[33mMemoryRouter[39m initialEntries[33m=[39m{[[32m'/register'[39m]}[33m>[39m
     [90m 311 |[39m         [33m<[39m[33mApp[39m [33m/[39m[33m>[39m
     [90m 312 |[39m       [33m<[39m[33m/[39m[33mMemoryRouter[39m[33m>[39m[0m

      at warn (node_modules/.pnpm/react-router@6.30.1_react@18.3.1/node_modules/react-router/lib/deprecations.ts:9:13)
      at warnOnce (node_modules/.pnpm/react-router@6.30.1_react@18.3.1/node_modules/react-router/lib/deprecations.ts:14:3)
      at logDeprecation (node_modules/.pnpm/react-router@6.30.1_react@18.3.1/node_modules/react-router/lib/deprecations.ts:26:5)
      at logV6DeprecationWarnings (node_modules/.pnpm/react-router@6.30.1_react@18.3.1/node_modules/react-router/lib/components.tsx:257:25)
      at commitHookEffectListMount (node_modules/.pnpm/react-dom@18.3.1_react@18.3.1/node_modules/react-dom/cjs/react-dom.development.js:23189:26)
      at commitPassiveMountOnFiber (node_modules/.pnpm/react-dom@18.3.1_react@18.3.1/node_modules/react-dom/cjs/react-dom.development.js:24970:11)
      at commitPassiveMountEffects_complete (node_modules/.pnpm/react-dom@18.3.1_react@18.3.1/node_modules/react-dom/cjs/react-dom.development.js:24930:9)
      at commitPassiveMountEffects_begin (node_modules/.pnpm/react-dom@18.3.1_react@18.3.1/node_modules/react-dom/cjs/react-dom.development.js:24917:7)
      at commitPassiveMountEffects (node_modules/.pnpm/react-dom@18.3.1_react@18.3.1/node_modules/react-dom/cjs/react-dom.development.js:24905:3)
      at flushPassiveEffectsImpl (node_modules/.pnpm/react-dom@18.3.1_react@18.3.1/node_modules/react-dom/cjs/react-dom.development.js:27078:3)
      at flushPassiveEffects (node_modules/.pnpm/react-dom@18.3.1_react@18.3.1/node_modules/react-dom/cjs/react-dom.development.js:27023:14)
      at node_modules/.pnpm/react-dom@18.3.1_react@18.3.1/node_modules/react-dom/cjs/react-dom.development.js:26808:9
      at flushActQueue (node_modules/.pnpm/react@18.3.1/node_modules/react/cjs/react.development.js:2667:24)
      at act (node_modules/.pnpm/react@18.3.1/node_modules/react/cjs/react.development.js:2582:11)
      at node_modules/.pnpm/@testing-library+react@16.3_fed89c7c7350cb2383bc4957f80dc22c/node_modules/@testing-library/react/dist/act-compat.js:46:25
      at renderRoot (node_modules/.pnpm/@testing-library+react@16.3_fed89c7c7350cb2383bc4957f80dc22c/node_modules/@testing-library/react/dist/pure.js:189:26)
      at render (node_modules/.pnpm/@testing-library+react@16.3_fed89c7c7350cb2383bc4957f80dc22c/node_modules/@testing-library/react/dist/pure.js:291:10)
      at Object.<anonymous> (src/e2e/flow.e2e.test.tsx:309:11)

  console.warn
    ÔÜá´©Å React Router Future Flag Warning: Relative route resolution within Splat routes is changing in v7. You can use the `v7_relativeSplatPath` future flag to opt-in early. For more information, see https://reactrouter.com/v6/upgrading/future#v7_relativesplatpath.

    [0m [90m 307 |[39m
     [90m 308 |[39m     [90m// RENDERIZAR APP[39m
    [31m[1m>[22m[39m[90m 309 |[39m     render(
     [90m     |[39m           [31m[1m^[22m[39m
     [90m 310 |[39m       [33m<[39m[33mMemoryRouter[39m initialEntries[33m=[39m{[[32m'/register'[39m]}[33m>[39m
     [90m 311 |[39m         [33m<[39m[33mApp[39m [33m/[39m[33m>[39m
     [90m 312 |[39m       [33m<[39m[33m/[39m[33mMemoryRouter[39m[33m>[39m[0m

      at warn (node_modules/.pnpm/react-router@6.30.1_react@18.3.1/node_modules/react-router/lib/deprecations.ts:9:13)
      at warnOnce (node_modules/.pnpm/react-router@6.30.1_react@18.3.1/node_modules/react-router/lib/deprecations.ts:14:3)
      at logDeprecation (node_modules/.pnpm/react-router@6.30.1_react@18.3.1/node_modules/react-router/lib/deprecations.ts:37:5)
      at logV6DeprecationWarnings (node_modules/.pnpm/react-router@6.30.1_react@18.3.1/node_modules/react-router/lib/components.tsx:257:25)
      at commitHookEffectListMount (node_modules/.pnpm/react-dom@18.3.1_react@18.3.1/node_modules/react-dom/cjs/react-dom.development.js:23189:26)
      at commitPassiveMountOnFiber (node_modules/.pnpm/react-dom@18.3.1_react@18.3.1/node_modules/react-dom/cjs/react-dom.development.js:24970:11)
      at commitPassiveMountEffects_complete (node_modules/.pnpm/react-dom@18.3.1_react@18.3.1/node_modules/react-dom/cjs/react-dom.development.js:24930:9)
      at commitPassiveMountEffects_begin (node_modules/.pnpm/react-dom@18.3.1_react@18.3.1/node_modules/react-dom/cjs/react-dom.development.js:24917:7)
      at commitPassiveMountEffects (node_modules/.pnpm/react-dom@18.3.1_react@18.3.1/node_modules/react-dom/cjs/react-dom.development.js:24905:3)
      at flushPassiveEffectsImpl (node_modules/.pnpm/react-dom@18.3.1_react@18.3.1/node_modules/react-dom/cjs/react-dom.development.js:27078:3)
      at flushPassiveEffects (node_modules/.pnpm/react-dom@18.3.1_react@18.3.1/node_modules/react-dom/cjs/react-dom.development.js:27023:14)
      at node_modules/.pnpm/react-dom@18.3.1_react@18.3.1/node_modules/react-dom/cjs/react-dom.development.js:26808:9
      at flushActQueue (node_modules/.pnpm/react@18.3.1/node_modules/react/cjs/react.development.js:2667:24)
      at act (node_modules/.pnpm/react@18.3.1/node_modules/react/cjs/react.development.js:2582:11)
      at node_modules/.pnpm/@testing-library+react@16.3_fed89c7c7350cb2383bc4957f80dc22c/node_modules/@testing-library/react/dist/act-compat.js:46:25
      at renderRoot (node_modules/.pnpm/@testing-library+react@16.3_fed89c7c7350cb2383bc4957f80dc22c/node_modules/@testing-library/react/dist/pure.js:189:26)
      at render (node_modules/.pnpm/@testing-library+react@16.3_fed89c7c7350cb2383bc4957f80dc22c/node_modules/@testing-library/react/dist/pure.js:291:10)
      at Object.<anonymous> (src/e2e/flow.e2e.test.tsx:309:11)

pnpm : FAIL src/e2e/flow.e2e.test.tsx (23.509 s)
En línea: 1 Carácter: 1
+ pnpm test:e2e 2>&1 > test-output.txt; Get-Content test-output.txt | S ...
+ ~~~~~~~~~~~~~~~~~~~~~~~~~~~~~~~~~~~~
    + CategoryInfo          : NotSpecified: (FAIL src/e2e/fl....tsx (23.509 s) 
   :String) [], RemoteException
    + FullyQualifiedErrorId : NativeCommandError
 
  E2E Frontend - Flujo completo usuario
    ├ù completa flujo completo: registro, contrataci├│n, pago y reserva de 
clase (11654 ms)
    ├ù muestra error cuando intenta registrar usuario duplicado (11145 ms)

  ÔùÅ E2E Frontend - Flujo completo usuario ÔÇ║ completa flujo completo: 
registro, contrataci├│n, pago y reserva de clase

    Unable to find an element with the text: /10000/. This could be because 
the text is broken up by multiple elements. In this case, you can provide a 
function for your text matcher to make your matcher more flexible.

    Ignored nodes: comments, script, style
    [36m<body>[39m
      [36m<div>[39m
        [36m<div[39m
          [33mclass[39m=[32m"layout-container"[39m
        [36m>[39m
          [36m<nav[39m
            [33mclass[39m=[32m"navbar"[39m
          [36m>[39m
            [36m<div[39m
              [33mclass[39m=[32m"logo"[39m
            [36m>[39m
              [36m<a[39m
                [33mhref[39m=[32m"/"[39m
                [33mstyle[39m=[32m"text-decoration: none; color: rgb(0, 
191, 255);"[39m
              [36m>[39m
                [0mFITNESS PRIME[0m
              [36m</a>[39m
            [36m</div>[39m
            [36m<div[39m
              [33mclass[39m=[32m"nav-left"[39m
            [36m>[39m
              [36m<button>[39m
                [0mActividades[0m
              [36m</button>[39m
              [36m<button>[39m
                [0mClases[0m
              [36m</button>[39m
              [36m<button>[39m
                [0mCon├│cenos[0m
              [36m</button>[39m
              [36m<button>[39m
                [0mPlanes[0m
              [36m</button>[39m
              [36m<button[39m
                [33mclass[39m=[32m"profile-btn"[39m
              [36m>[39m
                [36m<svg[39m
                  [33mfill[39m=[32m"currentColor"[39m
                  [33mheight[39m=[32m"32"[39m
                  [33mstroke[39m=[32m"currentColor"[39m
                  [33mstroke-width[39m=[32m"0"[39m
                  [33mviewBox[39m=[32m"0 0 496 512"[39m
                  [33mwidth[39m=[32m"32"[39m
                  [33mxmlns[39m=[32m"http://www.w3.org/2000/svg"[39m
                [36m>[39m
                  [36m<path[39m
                    [33md[39m=[32m"M248 8C111 8 0 119 0 256s111 248 248 248 
248-111 248-248S385 8 248 8zm0 96c48.6 0 88 39.4 88 88s-39.4 88-88 
88-88-39.4-88-88 39.4-88 88-88zm0 344c-58.7 0-111.3-26.6-146.5-68.2 18.8-35.4 
55.6-59.8 98.5-59.8 2.4 0 4.8.4 7.1 1.1 13 4.2 26.6 6.9 40.9 6.9 14.3 0 28-2.7 
40.9-6.9 2.3-.7 4.7-1.1 7.1-1.1 42.9 0 79.7 24.4 98.5 59.8C359.3 421.4 306.7 
448 248 448z"[39m
                  [36m/>[39m
                [36m</svg>[39m
                [36m<span[39m
                  [33mclass[39m=[32m"usuario-nombre"[39m
                [36m>[39m
                  [0mE2E[0m
                [36m</span>[39m
              [36m</button>[39m
            [36m</div>[39m
          [36m</nav>[39m
          [36m<main[39m
            [33mclass[39m=[32m"layout-main"[39m
          [36m>[39m
            [36m<div[39m
              [33mclass[39m=[32m"mis-contratos-page"[39m
            [36m>[39m
              [36m<div[39m
                [33mclass[39m=[32m"hero"[39m
              [36m>[39m
                [36m<h1[39m
                  [33mclass[39m=[32m"hero-title"[39m
                [36m>[39m
                  [0mMIS CONTRATOS[0m
                [36m</h1>[39m
              [36m</div>[39m
              [36m<div[39m
                [33mclass[39m=[32m"contratos-container"[39m
              [36m>[39m
                [36m<div[39m
                  [33mclass[39m=[32m"contratos-grid"[39m
                [36m>[39m
                  [36m<div[39m
                    [33mclass[39m=[32m"contrato-card"[39m
                  [36m>[39m
                    [36m<div[39m
                      [33mclass[39m=[32m"contrato-header"[39m
                    [36m>[39m
                      [36m<h3[39m
                        [33mclass[39m=[32m"membresia-nombre"[39m
                      [36m>[39m
                        [0mPlan Mensual[0m
                      [36m</h3>[39m
                      [36m<span[39m
                        [33mclass[39m=[32m"estado-badge "[39m
                      [36m>[39m
                        [0mPENDIENTE[0m
                      [36m</span>[39m
                    [36m</div>[39m
                    [36m<div[39m
                      [33mclass[39m=[32m"contrato-details"[39m
                    [36m>[39m
                      [36m<div[39m
                        [33mclass[39m=[32m"detail-item"[39m
                      [36m>[39m
                        [36m<label>[39m
                          [0mDescripci├│n:[0m
                        [36m</label>[39m
                        [36m<span>[39m
                          [0mAcceso completo[0m
                        [36m</span>[39m
                      [36m</div>[39m
                      [36m<div[39m
                        [33mclass[39m=[32m"detail-item"[39m
                      [36m>[39m
                        [36m<label>[39m
                          [0mDuraci├│n:[0m
                        [36m</label>[39m
                        [36m<span>[39m
                          [0m1[0m
                          [0m meses[0m
                        [36m</span>[39m
                      [36m</div>[39m
                      [36m<div[39m
                        [33mclass[39m=[32m"detail-item"[39m
                      [36m>[39m
                        [36m<label>[39m
                          [0mPrecio:[0m
                        [36m</label>[39m
                        [36m<span[39m
                          [33mclass[39m=[32m"precio"[39m
                        [36m>[39m
                          [0m$┬á10.000[0m
                        [36m</span>[39m
                      [36m</div>[39m
                      [36m<div[39m
                        [33mclass[39m=[32m"detail-item"[39m
                      [36m>[39m
                        [36m<label>[39m
                          [0mVigencia:[0m
                        [36m</label>[39m
                        [36m<span>[39m
                          [0mInvalid Date[0m
                          [0m - [0m
                          [0mInvalid Date[0m
                        [36m</span>[39m
                      [36m</div>[39m
                    [36m</div>[39m
                    [36m<div[39m
                      [33mclass[39m=[32m"contrato-actions"[39m
                    [36m/>[39m
                  [36m</div>[39m
                [36m</div>[39m
              [36m</div>[39m
              [36m<div[39m
                [33mclass[39m=[32m"navigation-actions"[39m
              [36m>[39m
                [36m<button[39m
                  [33mclass[39m=[32m"btn-secondary"[39m
                [36m>[39m
                  [0mVolver al Perfil[0m
                [36m</button>[39m
                [36m<button[39m
                  [33mclass[39m=[32m"btn-primary"[39m
                [36m>[39m
                  [0mVer Planes[0m
                [36m</button>[39m
              [36m</div>[39m
            [36m</div>[39m
          [36m</main>[39m
          [36m<footer[39m
            [33mclass[39m=[32m"footer"[39m
          [36m>[39m
            [36m<div[39m
              [33mclass[39m=[32m"footer-top"[39m
            [36m>[39m
              [36m<h2>[39m
                [0mFITNESS PRIME[0m
              [36m</h2>[39m
              [36m<p>[39m
                [0mZeballos 1341 - Rosario, Argentina[0m
              [36m</p>[39m
              [36m<p>[39m
                [0mEmail: fitnessprime@gmail.com[0m
              [36m</p>[39m
              [36m<p>[39m
                [0mTel: +54 341 456-7890[0m
              [36m</p>[39m
              [36m<p>[39m
                [0mHorario: Lunes a S├íbado de 7:00 a 22:00[0m
              [36m</p>[39m
            [36m</div>[39m
            [36m<div[39m
              [33mclass[39m=[32m"footer-social"[39m
            [36m>[39m
              [36m<p>[39m
                [36m<svg[39m
                  [33mfill[39m=[32m"currentColor"[39m
                  [33mheight[39m=[32m"1em"[39m
                  [33mstroke[39m=[32m"currentColor"[39m
                  [33mstroke-width[39m=[32m"0"[39m
                  [33mviewBox[39m=[32m"0 0 448 512"[39m
                  [33mwidth[39m=[32m"1em"[39m
                  [33mxmlns[39m=[32m"http://www.w3.org/2000/svg"[39m
                [36m>[39m
                  [36m<path[39m
                    [33md[39m=[32m"M224.1 141c-63.6 0-114.9 51.3-114.9 
114.9s51.3 114.9 114.9 114.9S339 319.5 339 255.9 287.7 141 224.1 141zm0 
189.6c-41.1 0-74.7-33.5-74.7-74.7s33.5-74.7 74.7-74.7 74.7 33.5 74.7 74.7-33.6 
74.7-74.7 74.7zm146.4-194.3c0 14.9-12 26.8-26.8 26.8-14.9 
0-26.8-12-26.8-26.8s12-26.8 26.8-26.8 26.8 12 26.8 26.8zm76.1 27.2c-1.7-35.9-9.
9-67.7-36.2-93.9-26.2-26.2-58-34.4-93.9-36.2-37-2.1-147.9-2.1-184.9 0-35.8 
1.7-67.6 9.9-93.9 36.1s-34.4 58-36.2 93.9c-2.1 37-2.1 147.9 0 184.9 1.7 35.9 
9.9 67.7 36.2 93.9s58 34.4 93.9 36.2c37 2.1 147.9 2.1 184.9 0 35.9-1.7 
67.7-9.9 93.9-36.2 26.2-26.2 34.4-58 36.2-93.9 2.1-37 2.1-147.8 0-184.8zM398.8 
388c-7.8 19.6-22.9 34.7-42.6 42.6-29.5 11.7-99.5 9-132.1 9s-102.7 
2.6-132.1-9c-19.6-7.8-34.7-22.9-42.6-42.6-11.7-29.5-9-99.5-9-132.1s-2.6-102.7 
9-132.1c7.8-19.6 22.9-34.7 42.6-42.6 29.5-11.7 99.5-9 132.1-9s102.7-2.6 132.1 
9c19.6 7.8 34.7 22.9 42.6 42.6 11.7 29.5 9 99.5 9 132.1s2.7 102.7-9 
132.1z"[39m
                  [36m/>[39m
                [36m</svg>[39m
                [0m @fitnessprime_gym[0m
              [36m</p>[39m
              [36m<p>[39m
                [36m<svg[39m
                  [33mfill[39m=[32m"currentColor"[39m
                  [33mheight[39m=[32m"1em"[39m
                  [33mstroke[39m=[32m"currentColor"[39m
                  [33mstroke-width[39m=[32m"0"[39m
                  [33mviewBox[39m=[32m"0 0 320 512"[39m
                  [33mwidth[39m=[32m"1em"[39m
                  [33mxmlns[39m=[32m"http://www.w3.org/2000/svg"[39m
                [36m>[39m
                  [36m<path[39m
                    [33md[39m=[32m"M279.14 
288l14.22-92.66h-88.91v-60.13c0-25.35 12.42-50.06 
52.24-50.06h40.42V6.26S260.43 0 225.36 0c-73.22 0-121.08 44.38-121.08 
124.72v70.62H22.89V288h81.39v224h100.17V288z"[39m
                  [36m/>[39m
                [36m</svg>[39m
                [0m /FitnessPrimeOficial[0m
              [36m</p>[39m
              [36m<p>[39m
                [36m<svg[39m
                  [33mfill[39m=[32m"currentColor"[39m
                  [33mheight[39m=[32m"1em"[39m
                  [33mstroke[39m=[32m"currentColor"[39m
                  [33mstroke-width[39m=[32m"0"[39m
                  [33mviewBox[39m=[32m"0 0 512 512"[39m
                  [33mwidth[39m=[32m"1em"[39m
                  [33mxmlns[39m=[32m"http://www.w3.org/2000/svg"[39m
                [36m>[39m
                  [36m<path[39m
                    [33md[39m=[32m"M459.37 151.716c.325 4.548.325 9.097.325 
13.645 0 138.72-105.583 298.558-298.558 298.558-59.452 
0-114.68-17.219-161.137-47.106 8.447.974 16.568 1.299 25.34 1.299 49.055 0 
94.213-16.568 130.274-44.832-46.132-.975-84.792-31.188-98.112-72.772 6.498.974 
12.995 1.624 19.818 1.624 9.421 0 18.843-1.3 
27.614-3.573-48.081-9.747-84.143-51.98-84.143-102.985v-1.299c13.969 7.797 
30.214 12.67 47.431 13.319-28.264-18.843-46.781-51.005-46.781-87.391 0-19.492 
5.197-37.36 14.294-52.954 51.655 63.675 129.3 105.258 216.365 
109.807-1.624-7.797-2.599-15.918-2.599-24.04 0-57.828 46.782-104.934 
104.934-104.934 30.213 0 57.502 12.67 76.67 33.137 23.715-4.548 46.456-13.32 
66.599-25.34-7.798 24.366-24.366 44.833-46.132 57.827 21.117-2.273 
41.584-8.122 60.426-16.243-14.292 20.791-32.161 39.308-52.628 54.253z"[39m
                  [36m/>[39m
                [36m</svg>[39m
                [0m @FitnessPrimeOk[0m
              [36m</p>[39m
            [36m</div>[39m
            [36m<div[39m
              [33mclass[39m=[32m"footer-bottom"[39m
            [36m>[39m
              [36m<p>[39m
                [0m┬® [0m
                [0m2026[0m
                [0m FITNESS PRIME. Todos los derechos reservados.[0m
              [36m</p>[39m
            [36m</div>[39m
          [36m</footer>[39m
        [36m</div>[39m
      [36m</div>[39m
    [36m</body>[39m

    [0m [90m 355 |[39m
     [90m 356 |[39m     [90m// Verificar que muestra datos del plan[39m
    [31m[1m>[22m[39m[90m 357 |[39m     [36mawait[39m waitFor(() 
[33m=>[39m {
     [90m     |[39m                  [31m[1m^[22m[39m
     [90m 358 |[39m       expect(screen[33m.[39mgetByText(membresia[33m.[
39mnombre))[33m.[39mtoBeInTheDocument()[33m;[39m
     [90m 359 |[39m       expect(screen[33m.[39mgetByText([36mnew[39m [3
3mRegExp[39m(membresia[33m.[39mprecio[33m.[39mtoString())))[33m.[39mtoBe
InTheDocument()[33m;[39m
     [90m 360 |[39m     }[33m,[39m { timeout[33m:[39m [35m10000[39m 
})[33m;[39m[0m

      at waitForWrapper (node_modules/.pnpm/@testing-library+dom@10.4.1/node_mo
dules/@testing-library/dom/dist/wait-for.js:163:27)
      at Object.<anonymous> (src/e2e/flow.e2e.test.tsx:357:18)

  ÔùÅ E2E Frontend - Flujo completo usuario ÔÇ║ muestra error cuando intenta 
registrar usuario duplicado

    Unable to find an element with the text: /ya existe|error|duplicado/i. 
This could be because the text is broken up by multiple elements. In this 
case, you can provide a function for your text matcher to make your matcher 
more flexible.

    Ignored nodes: comments, script, style
    [36m<body>[39m
      [36m<div>[39m
        [36m<div[39m
          [33mclass[39m=[32m"register-container"[39m
        [36m>[39m
          [36m<div[39m
            [33mclass[39m=[32m"register-box"[39m
          [36m>[39m
            [36m<h2[39m
              [33mclass[39m=[32m"title"[39m
            [36m>[39m
              [0mCRE├ü TU CUENTA[0m
            [36m</h2>[39m
            [36m<form[39m
              [33mclass[39m=[32m"form"[39m
            [36m>[39m
              [36m<label>[39m
                [0mNombre[0m
              [36m</label>[39m
              [36m<input[39m
                [33mplaceholder[39m=[32m"Tu nombre"[39m
                [33mrequired[39m=[32m""[39m
                [33mtype[39m=[32m"text"[39m
                [33mvalue[39m=[32m"E2E"[39m
              [36m/>[39m
              [36m<label>[39m
                [0mApellido[0m
              [36m</label>[39m
              [36m<input[39m
                [33mplaceholder[39m=[32m"Tu apellido"[39m
                [33mrequired[39m=[32m""[39m
                [33mtype[39m=[32m"text"[39m
                [33mvalue[39m=[32m"User"[39m
              [36m/>[39m
              [36m<label>[39m
                [0mTel├®fono[0m
              [36m</label>[39m
              [36m<input[39m
                [33mplaceholder[39m=[32m"Tu tel├®fono"[39m
                [33mtype[39m=[32m"text"[39m
                [33mvalue[39m=[32m"3411234567"[39m
              [36m/>[39m
              [36m<label>[39m
                [0mEmail[0m
              [36m</label>[39m
              [36m<input[39m
                [33mplaceholder[39m=[32m"tuemail@ejemplo.com"[39m
                [33mrequired[39m=[32m""[39m
                [33mtype[39m=[32m"email"[39m
                [33mvalue[39m=[32m"duplicado@mail.com"[39m
              [36m/>[39m
              [36m<label>[39m
                [0mContrase├▒a[0m
              [36m</label>[39m
              [36m<div[39m
                [33mclass[39m=[32m"input-group"[39m
              [36m>[39m
                [36m<input[39m
                  [33mplaceholder[39m=[32m"ÔÇóÔÇóÔÇóÔÇóÔÇóÔÇóÔÇóÔÇó"[39m
                  [33mrequired[39m=[32m""[39m
                  [33mtype[39m=[32m"password"[39m
                  [33mvalue[39m=[32m"123456"[39m
                [36m/>[39m
                [36m<button[39m
                  [33mclass[39m=[32m"toggle-btn"[39m
                  [33mtype[39m=[32m"button"[39m
                [36m>[39m
                  [0mMostrar[0m
                [36m</button>[39m
              [36m</div>[39m
              [36m<label>[39m
                [0mConfirmar contrase├▒a[0m
              [36m</label>[39m
              [36m<div[39m
                [33mclass[39m=[32m"input-group"[39m
              [36m>[39m
                [36m<input[39m
                  [33mplaceholder[39m=[32m"ÔÇóÔÇóÔÇóÔÇóÔÇóÔÇóÔÇóÔÇó"[39m
                  [33mrequired[39m=[32m""[39m
                  [33mtype[39m=[32m"password"[39m
                  [33mvalue[39m=[32m"123456"[39m
                [36m/>[39m
                [36m<button[39m
                  [33mclass[39m=[32m"toggle-btn"[39m
                  [33mtype[39m=[32m"button"[39m
                [36m>[39m
                  [0mMostrar[0m
                [36m</button>[39m
              [36m</div>[39m
              [36m<label>[39m
                [0mFoto de perfil[0m
              [36m</label>[39m
              [36m<input[39m
                [33maccept[39m=[32m"image/*"[39m
                [33mtype[39m=[32m"file"[39m
              [36m/>[39m
              [36m<button[39m
                [33mtype[39m=[32m"submit"[39m
              [36m>[39m
                [0mRegistrarme[0m
              [36m</button>[39m
            [36m</form>[39m
            [36m<p[39m
              [33mclass[39m=[32m"redirect"[39m
            [36m>[39m
              [0m┬┐Ya ten├®s cuenta? [0m
              [36m<a[39m
                [33mhref[39m=[32m"/login"[39m
              [36m>[39m
                [0mInici├í sesi├│n[0m
              [36m</a>[39m
            [36m</p>[39m
            [36m<p>[39m
              [36m<a[39m
                [33mclass[39m=[32m"home-link"[39m
                [33mhref[39m=[32m"/"[39m
              [36m>[39m
                [0mVolver al Home[0m
              [36m</a>[39m
            [36m</p>[39m
          [36m</div>[39m
        [36m</div>[39m
      [36m</div>[39m
    [36m</body>[39m

    [0m [90m 487 |[39m
     [90m 488 |[39m     [90m// Esperar error[39m
    [31m[1m>[22m[39m[90m 489 |[39m     [36mawait[39m waitFor(() 
[33m=>[39m {
     [90m     |[39m                  [31m[1m^[22m[39m
     [90m 490 |[39m       expect(screen[33m.[39mgetByText([35m/ya 
existe|error|duplicado/i[39m))[33m.[39mtoBeInTheDocument()[33m;[39m
     [90m 491 |[39m     }[33m,[39m { timeout[33m:[39m [35m10000[39m 
})[33m;[39m
     [90m 492 |[39m   }[33m,[39m [35m60000[39m)[33m;[39m[0m

      at waitForWrapper (node_modules/.pnpm/@testing-library+dom@10.4.1/node_mo
dules/@testing-library/dom/dist/wait-for.js:163:27)
      at Object.<anonymous> (src/e2e/flow.e2e.test.tsx:489:18)

Test Suites: 1 failed, 1 total
Tests:       2 failed, 2 total
Snapshots:   0 total
Time:        24.284 s, estimated 29 s
Ran all test suites.
ÔÇëELIFECYCLEÔÇë Command failed with exit code 1.
